[1/1] Linking CXX shared library src\HE_Scene\HorizonScene.dll
FAILED: src/HE_Scene/HorizonScene.dll src/HE_Scene/HorizonScene.lib 
C:\WINDOWS\system32\cmd.exe /C "cd . && "C:\Program Files\Microsoft Visual Studio\18\Community\Common7\IDE\CommonExtensions\Microsoft\CMake\CMake\bin\cmake.exe" -E vs_link_dll --msvc-ver=1950 --intdir=src\HE_Scene\CMakeFiles\HorizonScene.dir --rc=C:\PROGRA~2\WI3CF2~1\10\bin\100261~1.0\x64\rc.exe --mt=C:\PROGRA~2\WI3CF2~1\10\bin\100261~1.0\x64\mt.exe --manifests  -- C:\PROGRA~1\MICROS~1\18\COMMUN~1\VC\Tools\MSVC\1450~1.357\bin\Hostx64\x64\link.exe /nologo src\HE_Scene\CMakeFiles\HorizonScene.dir\src\HorizonWorld.cpp.obj src\HE_Scene\CMakeFiles\HorizonScene.dir\src\SceneGraph.cpp.obj src\HE_Scene\CMakeFiles\HorizonScene.dir\src\SceneSerializer.cpp.obj src\HE_Scene\CMakeFiles\HorizonScene.dir\src\Components\TransformComponent.cpp.obj  /out:src\HE_Scene\HorizonScene.dll /implib:src\HE_Scene\HorizonScene.lib /pdb:src\HE_Scene\HorizonScene.pdb /dll /version:0.0 /machine:x64 /INCREMENTAL:NO  src\HE_Core\HorizonCore.lib  _deps\glm-build\glm\glm.lib  kernel32.lib user32.lib gdi32.lib winspool.lib shell32.lib ole32.lib oleaut32.lib uuid.lib comdlg32.lib advapi32.lib && cd ."
LINK: command "C:\PROGRA~1\MICROS~1\18\COMMUN~1\VC\Tools\MSVC\1450~1.357\bin\Hostx64\x64\link.exe /nologo src\HE_Scene\CMakeFiles\HorizonScene.dir\src\HorizonWorld.cpp.obj src\HE_Scene\CMakeFiles\HorizonScene.dir\src\SceneGraph.cpp.obj src\HE_Scene\CMakeFiles\HorizonScene.dir\src\SceneSerializer.cpp.obj src\HE_Scene\CMakeFiles\HorizonScene.dir\src\Components\TransformComponent.cpp.obj /out:src\HE_Scene\HorizonScene.dll /implib:src\HE_Scene\HorizonScene.lib /pdb:src\HE_Scene\HorizonScene.pdb /dll /version:0.0 /machine:x64 /INCREMENTAL:NO src\HE_Core\HorizonCore.lib _deps\glm-build\glm\glm.lib kernel32.lib user32.lib gdi32.lib winspool.lib shell32.lib ole32.lib oleaut32.lib uuid.lib comdlg32.lib advapi32.lib /MANIFEST:EMBED,ID=2" failed (exit code 1120) with the following output:
HorizonWorld.cpp.obj : error LNK2019: Verweis auf nicht aufgelöstes externes Symbol ""void * __cdecl operator new(unsigned __int64)" (??2@YAPEAX_K@Z)" in Funktion ""public: auto __cdecl `struct HierarchyComponent * __cdecl entt::uninitialized_construct_using_allocator<struct HierarchyComponent,class std::allocator<struct HierarchyComponent>,struct HierarchyComponent const &>(struct HierarchyComponent *,class std::allocator<struct HierarchyComponent> const &,struct HierarchyComponent const &)'::`2'::<lambda_1>::operator()<struct HierarchyComponent const &>(struct HierarchyComponent const &)const " (??$?RAEBUHierarchyComponent@@@<lambda_1>@?1???$uninitialized_construct_using_allocator@UHierarchyComponent@@V?$allocator@UHierarchyComponent@@@std@@AEBU1@@entt@@YAPEAUHierarchyComponent@@PEAU2@AEBV?$allocator@UHierarchyComponent@@@std@@AEBU2@@Z@QEBA?A_P2@Z)".

SceneGraph.cpp.obj : error LNK2001: Nicht aufgelöstes externes Symbol ""void * __cdecl operator new(unsigned __int64)" (??2@YAPEAX_K@Z)".

HorizonWorld.cpp.obj : error LNK2019: Verweis auf nicht aufgelöstes externes Symbol ""void __cdecl operator delete(void *,unsigned __int64)" (??3@YAXPEAX_K@Z)" in Funktion ""void __cdecl std::_Deallocate<16>(void *,unsigned __int64)" (??$_Deallocate@$0BA@@std@@YAXPEAX_K@Z)".

SceneGraph.cpp.obj : error LNK2001: Nicht aufgelöstes externes Symbol ""void __cdecl operator delete(void *,unsigned __int64)" (??3@YAXPEAX_K@Z)".

HorizonWorld.cpp.obj : error LNK2019: Verweis auf nicht aufgelöstes externes Symbol "atexit" in Funktion ""void __cdecl `dynamic initializer for 'private: static class std::shared_ptr<class entt::meta_ctx> entt::locator<class entt::meta_ctx>::service''(void)" (??__E?service@?$locator@Vmeta_ctx@entt@@@entt@@0V?$shared_ptr@Vmeta_ctx@entt@@@std@@A@@YAXXZ)".

HorizonWorld.cpp.obj : error LNK2019: Verweis auf nicht aufgelöstes externes Symbol "_Init_thread_header" in Funktion ""public: __cdecl entt::type_info::type_info<struct CameraComponent>(struct std::in_place_type_t<struct CameraComponent>)" (??$?0UCameraComponent@@@type_info@entt@@QEAA@U?$in_place_type_t@UCameraComponent@@@std@@@Z)".

HorizonWorld.cpp.obj : error LNK2019: Verweis auf nicht aufgelöstes externes Symbol "_Init_thread_footer" in Funktion ""public: __cdecl entt::type_info::type_info<struct CameraComponent>(struct std::in_place_type_t<struct CameraComponent>)" (??$?0UCameraComponent@@@type_info@entt@@QEAA@U?$in_place_type_t@UCameraComponent@@@std@@@Z)".

HorizonWorld.cpp.obj : error LNK2001: Nicht aufgelöstes externes Symbol "__std_terminate".

HorizonWorld.cpp.obj : error LNK2019: Verweis auf nicht aufgelöstes externes Symbol "__std_exception_copy" in Funktion ""public: __cdecl std::bad_alloc::bad_alloc(class std::bad_alloc const &)" (??0bad_alloc@std@@QEAA@AEBV01@@Z)".

SceneGraph.cpp.obj : error LNK2001: Nicht aufgelöstes externes Symbol "__std_exception_copy".

HorizonWorld.cpp.obj : error LNK2019: Verweis auf nicht aufgelöstes externes Symbol "__std_exception_destroy" in Funktion ""public: virtual __cdecl std::bad_alloc::~bad_alloc(void)" (??1bad_alloc@std@@UEAA@XZ)".

SceneGraph.cpp.obj : error LNK2001: Nicht aufgelöstes externes Symbol "__std_exception_destroy".

HorizonWorld.cpp.obj : error LNK2019: Verweis auf nicht aufgelöstes externes Symbol ""void __cdecl std::_Xlength_error(char const *)" (?_Xlength_error@std@@YAXPEBD@Z)" in Funktion ""void __cdecl std::_Xlen_string(void)" (?_Xlen_string@std@@YAXXZ)".

SceneGraph.cpp.obj : error LNK2001: Nicht aufgelöstes externes Symbol ""void __cdecl std::_Xlength_error(char const *)" (?_Xlength_error@std@@YAXPEBD@Z)".

HorizonWorld.cpp.obj : error LNK2019: Verweis auf nicht aufgelöstes externes Symbol "_CxxThrowException" in Funktion "__catch$??$emplace_element@$$V@?$basic_storage@UCameraComponent@@W4entity@entt@@V?$allocator@UCameraComponent@@@std@@X@entt@@AEAA?A_PW4entity@1@_N@Z$0".

SceneGraph.cpp.obj : error LNK2001: Nicht aufgelöstes externes Symbol "_CxxThrowException".

HorizonWorld.cpp.obj : error LNK2001: Nicht aufgelöstes externes Symbol "__CxxFrameHandler4".

HorizonWorld.cpp.obj : error LNK2001: Nicht aufgelöstes externes Symbol "__GSHandlerCheck".

SceneGraph.cpp.obj : error LNK2001: Nicht aufgelöstes externes Symbol "__GSHandlerCheck".

SceneSerializer.cpp.obj : error LNK2001: Nicht aufgelöstes externes Symbol "__GSHandlerCheck".

HorizonWorld.cpp.obj : error LNK2019: Verweis auf nicht aufgelöstes externes Symbol "__security_check_cookie" in Funktion ""void __cdecl std::swap<struct ScriptComponent,0>(struct ScriptComponent &,struct ScriptComponent &)" (??$swap@UScriptComponent@@$0A@@std@@YAXAEAUScriptComponent@@0@Z)".

SceneGraph.cpp.obj : error LNK2001: Nicht aufgelöstes externes Symbol "__security_check_cookie".

SceneSerializer.cpp.obj : error LNK2001: Nicht aufgelöstes externes Symbol "__security_check_cookie".

HorizonWorld.cpp.obj : error LNK2019: Verweis auf nicht aufgelöstes externes Symbol "ceilf" in Funktion ""public: __cdecl entt::basic_registry<enum entt::entity,class std::allocator<enum entt::entity> >::basic_registry<enum entt::entity,class std::allocator<enum entt::entity> >(unsigned __int64,class std::allocator<enum entt::entity> const &)" (??0?$basic_registry@W4entity@entt@@V?$allocator@W4entity@entt@@@std@@@entt@@QEAA@_KAEBV?$allocator@W4entity@entt@@@std@@@Z)".

HorizonWorld.cpp.obj : error LNK2019: Verweis auf nicht aufgelöstes externes Symbol "memcmp" in Funktion ""private: __cdecl entt::basic_sparse_set<enum entt::entity,class std::allocator<enum entt::entity> >::assure_at_least(enum entt::entity)" (?assure_at_least@?$basic_sparse_set@W4entity@entt@@V?$allocator@W4entity@entt@@@std@@@entt@@AEAA@W4entity@2@@Z)".

HorizonWorld.cpp.obj : error LNK2019: Verweis auf nicht aufgelöstes externes Symbol "memcpy" in Funktion ""private: void __cdecl std::basic_string<char,struct std::char_traits<char>,class std::allocator<char> >::_Construct<2,char const *>(char const * const,unsigned __int64)" (??$_Construct@$01PEBD@?$basic_string@DU?$char_traits@D@std@@V?$allocator@D@2@@std@@AEAAXQEBD_K@Z)".

SceneSerializer.cpp.obj : error LNK2001: Nicht aufgelöstes externes Symbol "memcpy".

HorizonWorld.cpp.obj : error LNK2019: Verweis auf nicht aufgelöstes externes Symbol "memmove" in Funktion ""public: auto __cdecl `struct HierarchyComponent * __cdecl entt::uninitialized_construct_using_allocator<struct HierarchyComponent,class std::allocator<struct HierarchyComponent>,struct HierarchyComponent const &>(struct HierarchyComponent *,class std::allocator<struct HierarchyComponent> const &,struct HierarchyComponent const &)'::`2'::<lambda_1>::operator()<struct HierarchyComponent const &>(struct HierarchyComponent const &)const " (??$?RAEBUHierarchyComponent@@@<lambda_1>@?1???$uninitialized_construct_using_allocator@UHierarchyComponent@@V?$allocator@UHierarchyComponent@@@std@@AEBU1@@entt@@YAPEAUHierarchyComponent@@PEAU2@AEBV?$allocator@UHierarchyComponent@@@std@@AEBU2@@Z@QEBA?A_P2@Z)".

SceneGraph.cpp.obj : error LNK2001: Nicht aufgelöstes externes Symbol "memmove".

HorizonWorld.cpp.obj : error LNK2019: Verweis auf nicht aufgelöstes externes Symbol "memset" in Funktion ""void __cdecl std::_Fill_zero_memset<struct CameraComponent * *>(struct CameraComponent * *,unsigned __int64)" (??$_Fill_zero_memset@PEAPEAUCameraComponent@@@std@@YAXPEAPEAUCameraComponent@@_K@Z)".

HorizonWorld.cpp.obj : error LNK2019: Verweis auf nicht aufgelöstes externes Symbol "_Init_thread_epoch" in Funktion ""public: __cdecl entt::type_info::type_info<struct CameraComponent>(struct std::in_place_type_t<struct CameraComponent>)" (??$?0UCameraComponent@@@type_info@entt@@QEAA@U?$in_place_type_t@UCameraComponent@@@std@@@Z)".

HorizonWorld.cpp.obj : error LNK2001: Nicht aufgelöstes externes Symbol ""const type_info::`vftable'" (??_7type_info@@6B@)".

SceneGraph.cpp.obj : error LNK2001: Nicht aufgelöstes externes Symbol ""const type_info::`vftable'" (??_7type_info@@6B@)".

HorizonWorld.cpp.obj : error LNK2019: Verweis auf nicht aufgelöstes externes Symbol "__security_cookie" in Funktion ""void __cdecl std::swap<struct ScriptComponent,0>(struct ScriptComponent &,struct ScriptComponent &)" (??$swap@UScriptComponent@@$0A@@std@@YAXAEAUScriptComponent@@0@Z)".

SceneGraph.cpp.obj : error LNK2001: Nicht aufgelöstes externes Symbol "__security_cookie".

SceneSerializer.cpp.obj : error LNK2001: Nicht aufgelöstes externes Symbol "__security_cookie".

HorizonWorld.cpp.obj : error LNK2001: Nicht aufgelöstes externes Symbol "_fltused".

SceneGraph.cpp.obj : error LNK2001: Nicht aufgelöstes externes Symbol "_fltused".

HorizonWorld.cpp.obj : error LNK2019: Verweis auf nicht aufgelöstes externes Symbol "_tls_index" in Funktion ""public: __cdecl entt::type_info::type_info<struct CameraComponent>(struct std::in_place_type_t<struct CameraComponent>)" (??$?0UCameraComponent@@@type_info@entt@@QEAA@U?$in_place_type_t@UCameraComponent@@@std@@@Z)".

SceneGraph.cpp.obj : error LNK2019: Verweis auf nicht aufgelöstes externes Symbol "__std_find_trivial_4" in Funktion ""unsigned int * __cdecl std::_Find_unchecked<unsigned int *,unsigned int>(unsigned int *,unsigned int * const,unsigned int const &)" (??$_Find_unchecked@PEAII@std@@YAPEAIPEAIQEAIAEBI@Z)".

SceneGraph.cpp.obj : error LNK2019: Verweis auf nicht aufgelöstes externes Symbol "__std_remove_4" in Funktion ""unsigned int * __cdecl std::_Remove_vectorized<unsigned int,unsigned int>(unsigned int * const,unsigned int * const,unsigned int)" (??$_Remove_vectorized@II@std@@YAPEAIQEAI0I@Z)".

SceneGraph.cpp.obj : error LNK2019: Verweis auf nicht aufgelöstes externes Symbol ""public: void __cdecl HorizonWorld::each<struct TransformComponent,struct HierarchyComponent,class `public: void __cdecl SceneGraph::propagateTransforms(class HorizonWorld &)'::`2'::<lambda_1> >(class `public: void __cdecl SceneGraph::propagateTransforms(class HorizonWorld &)'::`2'::<lambda_1> &&)" (??$each@UTransformComponent@@UHierarchyComponent@@V<lambda_1>@?1??propagateTransforms@SceneGraph@@QEAAXAEAVHorizonWorld@@@Z@@HorizonWorld@@QEAAX$$QEAV<lambda_1>@?1??propagateTransforms@SceneGraph@@QEAAXAEAV0@@Z@@Z)" in Funktion ""public: void __cdecl SceneGraph::propagateTransforms(class HorizonWorld &)" (?propagateTransforms@SceneGraph@@QEAAXAEAVHorizonWorld@@@Z)".

SceneGraph.cpp.obj : error LNK2019: Verweis auf nicht aufgelöstes externes Symbol "cosf" in Funktion ""struct glm::vec<3,float,0> __cdecl glm::cos<3,float,0>(struct glm::vec<3,float,0> const &)" (??$cos@$02M$0A@@glm@@YA?AU?$vec@$02M$0A@@0@AEBU10@@Z)".

SceneGraph.cpp.obj : error LNK2019: Verweis auf nicht aufgelöstes externes Symbol "sinf" in Funktion ""struct glm::vec<3,float,0> __cdecl glm::sin<3,float,0>(struct glm::vec<3,float,0> const &)" (??$sin@$02M$0A@@glm@@YA?AU?$vec@$02M$0A@@0@AEBU10@@Z)".

SceneSerializer.cpp.obj : error LNK2019: Verweis auf nicht aufgelöstes externes Symbol "__imp_calloc" in Funktion ""protected: void __cdecl std::time_get<char,class std::istreambuf_iterator<char,struct std::char_traits<char> > >::_Getvals<wchar_t>(wchar_t,class std::_Locinfo const &)" (??$_Getvals@_W@?$time_get@DV?$istreambuf_iterator@DU?$char_traits@D@std@@@std@@@std@@IEAAX_WAEBV_Locinfo@1@@Z)".

SceneSerializer.cpp.obj : error LNK2019: Verweis auf nicht aufgelöstes externes Symbol ""void __cdecl std::_Xbad_alloc(void)" (?_Xbad_alloc@std@@YAXXZ)" in Funktion ""protected: void __cdecl std::time_get<char,class std::istreambuf_iterator<char,struct std::char_traits<char> > >::_Getvals<wchar_t>(wchar_t,class std::_Locinfo const &)" (??$_Getvals@_W@?$time_get@DV?$istreambuf_iterator@DU?$char_traits@D@std@@@std@@@std@@IEAAX_WAEBV_Locinfo@1@@Z)".

SceneSerializer.cpp.obj : error LNK2019: Verweis auf nicht aufgelöstes externes Symbol ""__declspec(dllimport) public: struct _Cvtvec __cdecl std::_Locinfo::_Getcvt(void)const " (__imp_?_Getcvt@_Locinfo@std@@QEBA?AU_Cvtvec@@XZ)" in Funktion ""protected: void __cdecl std::time_get<char,class std::istreambuf_iterator<char,struct std::char_traits<char> > >::_Getvals<wchar_t>(wchar_t,class std::_Locinfo const &)" (??$_Getvals@_W@?$time_get@DV?$istreambuf_iterator@DU?$char_traits@D@std@@@std@@@std@@IEAAX_WAEBV_Locinfo@1@@Z)".

SceneSerializer.cpp.obj : error LNK2019: Verweis auf nicht aufgelöstes externes Symbol ""__declspec(dllimport) public: unsigned short const * __cdecl std::_Locinfo::_W_Getdays(void)const " (__imp_?_W_Getdays@_Locinfo@std@@QEBAPEBGXZ)" in Funktion ""protected: void __cdecl std::time_get<char,class std::istreambuf_iterator<char,struct std::char_traits<char> > >::_Getvals<wchar_t>(wchar_t,class std::_Locinfo const &)" (??$_Getvals@_W@?$time_get@DV?$istreambuf_iterator@DU?$char_traits@D@std@@@std@@@std@@IEAAX_WAEBV_Locinfo@1@@Z)".

SceneSerializer.cpp.obj : error LNK2019: Verweis auf nicht aufgelöstes externes Symbol ""__declspec(dllimport) public: unsigned short const * __cdecl std::_Locinfo::_W_Getmonths(void)const " (__imp_?_W_Getmonths@_Locinfo@std@@QEBAPEBGXZ)" in Funktion ""protected: void __cdecl std::time_get<char,class std::istreambuf_iterator<char,struct std::char_traits<char> > >::_Getvals<wchar_t>(wchar_t,class std::_Locinfo const &)" (??$_Getvals@_W@?$time_get@DV?$istreambuf_iterator@DU?$char_traits@D@std@@@std@@@std@@IEAAX_WAEBV_Locinfo@1@@Z)".

SceneSerializer.cpp.obj : error LNK2019: Verweis auf nicht aufgelöstes externes Symbol "wcslen" in Funktion ""protected: void __cdecl std::time_get<char,class std::istreambuf_iterator<char,struct std::char_traits<char> > >::_Getvals<wchar_t>(wchar_t,class std::_Locinfo const &)" (??$_Getvals@_W@?$time_get@DV?$istreambuf_iterator@DU?$char_traits@D@std@@@std@@@std@@IEAAX_WAEBV_Locinfo@1@@Z)".

LINK : error LNK2001: Nicht aufgelöstes externes Symbol "_DllMainCRTStartup".

C:\Program Files (x86)\Windows Kits\10\\lib\10.0.26100.0\\um\x86\kernel32.lib : warning LNK4272:Bibliothekcomputertyp "x86" steht in Konflikt mit dem Zielcomputertyp "x64"

C:\Program Files (x86)\Windows Kits\10\\lib\10.0.26100.0\\um\x86\user32.lib : warning LNK4272:Bibliothekcomputertyp "x86" steht in Konflikt mit dem Zielcomputertyp "x64"

C:\Program Files (x86)\Windows Kits\10\\lib\10.0.26100.0\\um\x86\gdi32.lib : warning LNK4272:Bibliothekcomputertyp "x86" steht in Konflikt mit dem Zielcomputertyp "x64"

C:\Program Files (x86)\Windows Kits\10\\lib\10.0.26100.0\\um\x86\winspool.lib : warning LNK4272:Bibliothekcomputertyp "x86" steht in Konflikt mit dem Zielcomputertyp "x64"

C:\Program Files (x86)\Windows Kits\10\\lib\10.0.26100.0\\um\x86\shell32.lib : warning LNK4272:Bibliothekcomputertyp "x86" steht in Konflikt mit dem Zielcomputertyp "x64"

C:\Program Files (x86)\Windows Kits\10\\lib\10.0.26100.0\\um\x86\ole32.lib : warning LNK4272:Bibliothekcomputertyp "x86" steht in Konflikt mit dem Zielcomputertyp "x64"

C:\Program Files (x86)\Windows Kits\10\\lib\10.0.26100.0\\um\x86\oleaut32.lib : warning LNK4272:Bibliothekcomputertyp "x86" steht in Konflikt mit dem Zielcomputertyp "x64"

C:\Program Files (x86)\Windows Kits\10\\lib\10.0.26100.0\\um\x86\uuid.lib : warning LNK4272:Bibliothekcomputertyp "x86" steht in Konflikt mit dem Zielcomputertyp "x64"

C:\Program Files (x86)\Windows Kits\10\\lib\10.0.26100.0\\um\x86\comdlg32.lib : warning LNK4272:Bibliothekcomputertyp "x86" steht in Konflikt mit dem Zielcomputertyp "x64"

C:\Program Files (x86)\Windows Kits\10\\lib\10.0.26100.0\\um\x86\advapi32.lib : warning LNK4272:Bibliothekcomputertyp "x86" steht in Konflikt mit dem Zielcomputertyp "x64"

C:\Program Files\Microsoft Visual Studio\18\Community\VC\Tools\MSVC\14.50.35717\lib\x86\msvcprt.lib : warning LNK4272:Bibliothekcomputertyp "x86" steht in Konflikt mit dem Zielcomputertyp "x64"


C:\Program Files\Microsoft Visual Studio\18\Community\VC\Tools\MSVC\14.50.35717\lib\x86\MSVCRT.lib : warning LNK4272:Bibliothekcomputertyp "x86" steht in Konflikt mit dem Zielcomputertyp "x64"


src\HE_Scene\HorizonScene.dll : fatal error LNK1120: 35 nicht aufgelöste Externe


ninja: build stopped: subcommand failed.
